I don't understand this statement about units: pish pish Iron is 3910 Credits
pish could not be translated. tegj glob glob is 52
pish could not be translated. pish could not be translated. glob is 1
glob prok Silver is 68 Credits
glob prok Gold is 57800 Credits
This unit is unkown to me: Iron
Not everything could be translated to roman numerals: pish prok
I have no idea what you are talking about
