"Silver" has ambiguous value. Old: 1, new 0.5. Using new definition.
pish tegj glob glob is 42
glob prok Silver is 2 Credits
glob prok Gold is 57800 Credits
glob prok Iron is 782 Credits
I have no idea what you are talking about
